
> growbro@0.0.1 test
> jest --runInBand --forceExit src/lib/moderation/content-age-gating.test.ts

node.exe : ÔùÅ Deprecation Warning:
In C:\Program Files\nodejs\npm.ps1:29 Zeichen:3
+   & $NODE_EXE $NPM_CLI_JS $args
+   ~~~~~~~~~~~~~~~~~~~~~~~~~~~~~
    + CategoryInfo          : NotSpecified: (ÔùÅ Deprecation Warning::String) [], RemoteException
    + FullyQualifiedErrorId : NativeCommandError
 

  Option "timers" was replaced by "fakeTimers".

  Please update your configuration.

  Configuration Documentation:
  https://jestjs.io/docs/configuration

ÔùÅ Deprecation Warning:

  Option "timers" was replaced by "fakeTimers".

  Please update your configuration.

  Configuration Documentation:
  https://jestjs.io/docs/configuration

  console.warn
    [open-handles-initial] [ 'Socket', 'Socket' ]

    [0m [90m 25 |[39m   )[33m;[39m
     [90m 26 |[39m
    [31m[1m>[22m[39m[90m 27 |[39m   console[33m.[39mwarn([32m'[open-handles-initial]'[39m[33m,[39m names[33m.[39mslice([35m0[39m[33m,[39m [35m20[39m))[33m;[39m
     [90m    |[39m           [31m[1m^[22m[39m
     [90m 28 |[39m } [36mcatch[39m {}
     [90m 29 |[39m
     [90m 30 |[39m [90m// react-hook form setup for testing[39m[0m

      at Object.warn (jest-setup.ts:27:11)

FAIL src/lib/moderation/content-age-gating.test.ts
  ContentAgeGatingEngine
    checkAgeGating
      ├ù should grant access to non-restricted content (3 ms)
      ├ù should grant access to verified users for restricted content (1 ms)
      ├ù should deny access to unverified users for restricted content (1 ms)
    flagAgeRestrictedContent
      ÔêÜ should flag content as age-restricted (3 ms)
      ÔêÜ should support author-initiated age restriction tagging (1 ms)
      ÔêÜ should support moderator flagging with moderator ID (1 ms)
    autoFlagContent
      ÔêÜ should automatically flag content with age-restricted keywords (3 ms)
      ├ù should not flag content without restricted keywords (1 ms)
      ÔêÜ should detect multiple age-restricted keywords (1 ms)
    filterContentByAge
      ├ù should not filter content for verified users (1 ms)
      ├ù should filter restricted content for unverified users (1 ms)
      ├ù should apply safer defaults for minors (1 ms)
    removeAgeRestriction
      ├ù should remove age restriction from content (1 ms)
    getAgeRestrictionStats
      ├ù should return statistics for age-restricted content (1 ms)
    applySaferDefaults
      ÔêÜ should apply safer defaults for new users (minors)
  ContentAgeGatingHooks
    onContentCreated
      ÔêÜ should auto-flag content on creation (5 ms)
    onFeedLoad
      ÔêÜ should filter feed content based on user age (1 ms)
    onUserRegistered
      ÔêÜ should apply safer defaults on user registration (1 ms)

  ÔùÅ ContentAgeGatingEngine ÔÇ║ checkAgeGating ÔÇ║ should grant access to non-restricted content

    TypeError: this.supabase.from(...).select(...).eq(...).eq(...).limit is not a function

    [0m [90m 445 |[39m       [33m.[39meq([32m'content_id'[39m[33m,[39m contentId)
     [90m 446 |[39m       [33m.[39meq([32m'content_type'[39m[33m,[39m contentType)
    [31m[1m>[22m[39m[90m 447 |[39m       [33m.[39mlimit([35m1[39m)[33m;[39m [90m// Safe due to unique 
constraint on (content_id, content_type)[39m
     [90m     |[39m        [31m[1m^[22m[39m
     [90m 448 |[39m
     [90m 449 |[39m     [36mconst[39m restriction [33m=[39m (data [36mas[39m [33mDbContentRestriction[39m[] 
[33m|[39m [36mnull[39m)[33m?[39m[33m.[39m[[35m0[39m][33m;[39m
     [90m 450 |[39m[0m

      at ContentAgeGatingEngine.limit (src/lib/moderation/content-age-gating.ts:447:8)
      at asyncGeneratorStep (node_modules/@babel/runtime/helpers/asyncToGenerator.js:3:17)
      at _next (node_modules/@babel/runtime/helpers/asyncToGenerator.js:17:9)
      at node_modules/@babel/runtime/helpers/asyncToGenerator.js:22:7
      at ContentAgeGatingEngine.<anonymous> (node_modules/@babel/runtime/helpers/asyncToGenerator.js:14:12)
      at ContentAgeGatingEngine.apply [as getContentRestriction] (src/lib/moderation/content-age-gating.ts:438:38)
      at ContentAgeGatingEngine.getContentRestriction (src/lib/moderation/content-age-gating.ts:114:36)
      at asyncGeneratorStep (node_modules/@babel/runtime/helpers/asyncToGenerator.js:3:17)
      at _next (node_modules/@babel/runtime/helpers/asyncToGenerator.js:17:9)
      at node_modules/@babel/runtime/helpers/asyncToGenerator.js:22:7
      at ContentAgeGatingEngine.<anonymous> (node_modules/@babel/runtime/helpers/asyncToGenerator.js:14:12)
      at ContentAgeGatingEngine.apply [as checkAgeGating] (src/lib/moderation/content-age-gating.ts:108:23)
      at Object.checkAgeGating (src/lib/moderation/content-age-gating.test.ts:54:35)
      at asyncGeneratorStep (node_modules/@babel/runtime/helpers/asyncToGenerator.js:3:17)
      at _next (node_modules/@babel/runtime/helpers/asyncToGenerator.js:17:9)
      at node_modules/@babel/runtime/helpers/asyncToGenerator.js:22:7
      at Object.<anonymous> (node_modules/@babel/runtime/helpers/asyncToGenerator.js:14:12)

  ÔùÅ ContentAgeGatingEngine ÔÇ║ checkAgeGating ÔÇ║ should grant access to verified users for restricted content

    TypeError: this.supabase.from(...).select(...).eq(...).eq(...).limit is not a function

    [0m [90m 445 |[39m       [33m.[39meq([32m'content_id'[39m[33m,[39m contentId)
     [90m 446 |[39m       [33m.[39meq([32m'content_type'[39m[33m,[39m contentType)
    [31m[1m>[22m[39m[90m 447 |[39m       [33m.[39mlimit([35m1[39m)[33m;[39m [90m// Safe due to unique 
constraint on (content_id, content_type)[39m
     [90m     |[39m        [31m[1m^[22m[39m
     [90m 448 |[39m
     [90m 449 |[39m     [36mconst[39m restriction [33m=[39m (data [36mas[39m [33mDbContentRestriction[39m[] 
[33m|[39m [36mnull[39m)[33m?[39m[33m.[39m[[35m0[39m][33m;[39m
     [90m 450 |[39m[0m

      at ContentAgeGatingEngine.limit (src/lib/moderation/content-age-gating.ts:447:8)
      at asyncGeneratorStep (node_modules/@babel/runtime/helpers/asyncToGenerator.js:3:17)
      at _next (node_modules/@babel/runtime/helpers/asyncToGenerator.js:17:9)
      at node_modules/@babel/runtime/helpers/asyncToGenerator.js:22:7
      at ContentAgeGatingEngine.<anonymous> (node_modules/@babel/runtime/helpers/asyncToGenerator.js:14:12)
      at ContentAgeGatingEngine.apply [as getContentRestriction] (src/lib/moderation/content-age-gating.ts:438:38)
      at ContentAgeGatingEngine.getContentRestriction (src/lib/moderation/content-age-gating.ts:114:36)
      at asyncGeneratorStep (node_modules/@babel/runtime/helpers/asyncToGenerator.js:3:17)
      at _next (node_modules/@babel/runtime/helpers/asyncToGenerator.js:17:9)
      at node_modules/@babel/runtime/helpers/asyncToGenerator.js:22:7
      at ContentAgeGatingEngine.<anonymous> (node_modules/@babel/runtime/helpers/asyncToGenerator.js:14:12)
      at ContentAgeGatingEngine.apply [as checkAgeGating] (src/lib/moderation/content-age-gating.ts:108:23)
      at Object.checkAgeGating (src/lib/moderation/content-age-gating.test.ts:90:35)
      at asyncGeneratorStep (node_modules/@babel/runtime/helpers/asyncToGenerator.js:3:17)
      at _next (node_modules/@babel/runtime/helpers/asyncToGenerator.js:17:9)
      at node_modules/@babel/runtime/helpers/asyncToGenerator.js:22:7
      at Object.<anonymous> (node_modules/@babel/runtime/helpers/asyncToGenerator.js:14:12)

  ÔùÅ ContentAgeGatingEngine ÔÇ║ checkAgeGating ÔÇ║ should deny access to unverified users for restricted content

    TypeError: this.supabase.from(...).select(...).eq(...).eq(...).limit is not a function

    [0m [90m 445 |[39m       [33m.[39meq([32m'content_id'[39m[33m,[39m contentId)
     [90m 446 |[39m       [33m.[39meq([32m'content_type'[39m[33m,[39m contentType)
    [31m[1m>[22m[39m[90m 447 |[39m       [33m.[39mlimit([35m1[39m)[33m;[39m [90m// Safe due to unique 
constraint on (content_id, content_type)[39m
     [90m     |[39m        [31m[1m^[22m[39m
     [90m 448 |[39m
     [90m 449 |[39m     [36mconst[39m restriction [33m=[39m (data [36mas[39m [33mDbContentRestriction[39m[] 
[33m|[39m [36mnull[39m)[33m?[39m[33m.[39m[[35m0[39m][33m;[39m
     [90m 450 |[39m[0m

      at ContentAgeGatingEngine.limit (src/lib/moderation/content-age-gating.ts:447:8)
      at asyncGeneratorStep (node_modules/@babel/runtime/helpers/asyncToGenerator.js:3:17)
      at _next (node_modules/@babel/runtime/helpers/asyncToGenerator.js:17:9)
      at node_modules/@babel/runtime/helpers/asyncToGenerator.js:22:7
      at ContentAgeGatingEngine.<anonymous> (node_modules/@babel/runtime/helpers/asyncToGenerator.js:14:12)
      at ContentAgeGatingEngine.apply [as getContentRestriction] (src/lib/moderation/content-age-gating.ts:438:38)
      at ContentAgeGatingEngine.getContentRestriction (src/lib/moderation/content-age-gating.ts:114:36)
      at asyncGeneratorStep (node_modules/@babel/runtime/helpers/asyncToGenerator.js:3:17)
      at _next (node_modules/@babel/runtime/helpers/asyncToGenerator.js:17:9)
      at node_modules/@babel/runtime/helpers/asyncToGenerator.js:22:7
      at ContentAgeGatingEngine.<anonymous> (node_modules/@babel/runtime/helpers/asyncToGenerator.js:14:12)
      at ContentAgeGatingEngine.apply [as checkAgeGating] (src/lib/moderation/content-age-gating.ts:108:23)
      at Object.checkAgeGating (src/lib/moderation/content-age-gating.test.ts:124:35)
      at asyncGeneratorStep (node_modules/@babel/runtime/helpers/asyncToGenerator.js:3:17)
      at _next (node_modules/@babel/runtime/helpers/asyncToGenerator.js:17:9)
      at node_modules/@babel/runtime/helpers/asyncToGenerator.js:22:7
      at Object.<anonymous> (node_modules/@babel/runtime/helpers/asyncToGenerator.js:14:12)

  ÔùÅ ContentAgeGatingEngine ÔÇ║ autoFlagContent ÔÇ║ should not flag content without restricted keywords

    TypeError: Cannot read properties of undefined (reading 'data')

    [0m [90m 177 |[39m
     [90m 178 |[39m     [90m// Upsert age restriction[39m
    [31m[1m>[22m[39m[90m 179 |[39m     [36mconst[39m { data[33m:[39m restriction[33m,[39m error } 
[33m=[39m [36mawait[39m [36mthis[39m[33m.[39msupabase
     [90m     |[39m             [31m[1m^[22m[39m
     [90m 180 |[39m       [33m.[39m[36mfrom[39m([32m'content_age_restrictions'[39m)
     [90m 181 |[39m       [33m.[39mupsert(
     [90m 182 |[39m         {[0m

      at ContentAgeGatingEngine.data (src/lib/moderation/content-age-gating.ts:179:13)
      at asyncGeneratorStep (node_modules/@babel/runtime/helpers/asyncToGenerator.js:3:17)
      at _next (node_modules/@babel/runtime/helpers/asyncToGenerator.js:17:9)

  ÔùÅ ContentAgeGatingEngine ÔÇ║ filterContentByAge ÔÇ║ should not filter content for verified users

    TypeError: this.supabase.from(...).select(...).eq(...).limit is not a function

    [0m [90m 480 |[39m       [33m.[39mselect([32m'*'[39m)
     [90m 481 |[39m       [33m.[39meq([32m'user_id'[39m[33m,[39m userId)
    [31m[1m>[22m[39m[90m 482 |[39m       [33m.[39mlimit([35m1[39m)[33m;[39m
     [90m     |[39m        [31m[1m^[22m[39m
     [90m 483 |[39m
     [90m 484 |[39m     [36mif[39m (error) {
     [90m 485 |[39m       [90m// Cache transient DB errors briefly to avoid hot-looping[39m[0m

      at ContentAgeGatingEngine.limit (src/lib/moderation/content-age-gating.ts:482:8)
      at asyncGeneratorStep (node_modules/@babel/runtime/helpers/asyncToGenerator.js:3:17)
      at _next (node_modules/@babel/runtime/helpers/asyncToGenerator.js:17:9)
      at node_modules/@babel/runtime/helpers/asyncToGenerator.js:22:7
      at ContentAgeGatingEngine.<anonymous> (node_modules/@babel/runtime/helpers/asyncToGenerator.js:14:12)
      at ContentAgeGatingEngine.apply [as getUserAgeStatus] (src/lib/moderation/content-age-gating.ts:462:33)
      at ContentAgeGatingEngine.getUserAgeStatus (src/lib/moderation/content-age-gating.ts:302:35)
      at asyncGeneratorStep (node_modules/@babel/runtime/helpers/asyncToGenerator.js:3:17)
      at _next (node_modules/@babel/runtime/helpers/asyncToGenerator.js:17:9)
      at node_modules/@babel/runtime/helpers/asyncToGenerator.js:22:7
      at ContentAgeGatingEngine.<anonymous> (node_modules/@babel/runtime/helpers/asyncToGenerator.js:14:12)
      at ContentAgeGatingEngine.apply [as filterContentByAge] (src/lib/moderation/content-age-gating.ts:296:27)
      at Object.filterContentByAge (src/lib/moderation/content-age-gating.test.ts:327:37)
      at asyncGeneratorStep (node_modules/@babel/runtime/helpers/asyncToGenerator.js:3:17)
      at _next (node_modules/@babel/runtime/helpers/asyncToGenerator.js:17:9)
      at node_modules/@babel/runtime/helpers/asyncToGenerator.js:22:7
      at Object.<anonymous> (node_modules/@babel/runtime/helpers/asyncToGenerator.js:14:12)

  ÔùÅ ContentAgeGatingEngine ÔÇ║ filterContentByAge ÔÇ║ should filter restricted content for unverified users

    TypeError: this.supabase.from(...).select(...).eq is not a function

    [0m [90m 479 |[39m       [33m.[39m[36mfrom[39m([32m'user_age_status'[39m)
     [90m 480 |[39m       [33m.[39mselect([32m'*'[39m)
    [31m[1m>[22m[39m[90m 481 |[39m       [33m.[39meq([32m'user_id'[39m[33m,[39m userId)
     [90m     |[39m        [31m[1m^[22m[39m
     [90m 482 |[39m       [33m.[39mlimit([35m1[39m)[33m;[39m
     [90m 483 |[39m
     [90m 484 |[39m     [36mif[39m (error) {[0m

      at ContentAgeGatingEngine.eq (src/lib/moderation/content-age-gating.ts:481:8)
      at asyncGeneratorStep (node_modules/@babel/runtime/helpers/asyncToGenerator.js:3:17)
      at _next (node_modules/@babel/runtime/helpers/asyncToGenerator.js:17:9)
      at node_modules/@babel/runtime/helpers/asyncToGenerator.js:22:7
      at ContentAgeGatingEngine.<anonymous> (node_modules/@babel/runtime/helpers/asyncToGenerator.js:14:12)
      at ContentAgeGatingEngine.apply [as getUserAgeStatus] (src/lib/moderation/content-age-gating.ts:462:33)
      at ContentAgeGatingEngine.getUserAgeStatus (src/lib/moderation/content-age-gating.ts:302:35)
      at asyncGeneratorStep (node_modules/@babel/runtime/helpers/asyncToGenerator.js:3:17)
      at _next (node_modules/@babel/runtime/helpers/asyncToGenerator.js:17:9)
      at node_modules/@babel/runtime/helpers/asyncToGenerator.js:22:7
      at ContentAgeGatingEngine.<anonymous> (node_modules/@babel/runtime/helpers/asyncToGenerator.js:14:12)
      at ContentAgeGatingEngine.apply [as filterContentByAge] (src/lib/moderation/content-age-gating.ts:296:27)
      at Object.filterContentByAge (src/lib/moderation/content-age-gating.test.ts:357:37)
      at asyncGeneratorStep (node_modules/@babel/runtime/helpers/asyncToGenerator.js:3:17)
      at _next (node_modules/@babel/runtime/helpers/asyncToGenerator.js:17:9)
      at node_modules/@babel/runtime/helpers/asyncToGenerator.js:22:7
      at Object.<anonymous> (node_modules/@babel/runtime/helpers/asyncToGenerator.js:14:12)

  ÔùÅ ContentAgeGatingEngine ÔÇ║ filterContentByAge ÔÇ║ should apply safer defaults for minors

    TypeError: this.supabase.from(...).select(...).eq is not a function

    [0m [90m 479 |[39m       [33m.[39m[36mfrom[39m([32m'user_age_status'[39m)
     [90m 480 |[39m       [33m.[39mselect([32m'*'[39m)
    [31m[1m>[22m[39m[90m 481 |[39m       [33m.[39meq([32m'user_id'[39m[33m,[39m userId)
     [90m     |[39m        [31m[1m^[22m[39m
     [90m 482 |[39m       [33m.[39mlimit([35m1[39m)[33m;[39m
     [90m 483 |[39m
     [90m 484 |[39m     [36mif[39m (error) {[0m

      at ContentAgeGatingEngine.eq (src/lib/moderation/content-age-gating.ts:481:8)
      at asyncGeneratorStep (node_modules/@babel/runtime/helpers/asyncToGenerator.js:3:17)
      at _next (node_modules/@babel/runtime/helpers/asyncToGenerator.js:17:9)
      at node_modules/@babel/runtime/helpers/asyncToGenerator.js:22:7
      at ContentAgeGatingEngine.<anonymous> (node_modules/@babel/runtime/helpers/asyncToGenerator.js:14:12)
      at ContentAgeGatingEngine.apply [as getUserAgeStatus] (src/lib/moderation/content-age-gating.ts:462:33)
      at ContentAgeGatingEngine.getUserAgeStatus (src/lib/moderation/content-age-gating.ts:302:35)
      at asyncGeneratorStep (node_modules/@babel/runtime/helpers/asyncToGenerator.js:3:17)
      at _next (node_modules/@babel/runtime/helpers/asyncToGenerator.js:17:9)
      at node_modules/@babel/runtime/helpers/asyncToGenerator.js:22:7
      at ContentAgeGatingEngine.<anonymous> (node_modules/@babel/runtime/helpers/asyncToGenerator.js:14:12)
      at ContentAgeGatingEngine.apply [as filterContentByAge] (src/lib/moderation/content-age-gating.ts:296:27)
      at Object.filterContentByAge (src/lib/moderation/content-age-gating.test.ts:390:37)
      at asyncGeneratorStep (node_modules/@babel/runtime/helpers/asyncToGenerator.js:3:17)
      at _next (node_modules/@babel/runtime/helpers/asyncToGenerator.js:17:9)
      at node_modules/@babel/runtime/helpers/asyncToGenerator.js:22:7
      at Object.<anonymous> (node_modules/@babel/runtime/helpers/asyncToGenerator.js:14:12)

  ÔùÅ ContentAgeGatingEngine ÔÇ║ removeAgeRestriction ÔÇ║ should remove age restriction from content

    TypeError: this.supabase.from(...).update(...).eq is not a function

    [0m [90m 263 |[39m         is_age_restricted[33m:[39m [36mfalse[39m[33m,[39m
     [90m 264 |[39m       })
    [31m[1m>[22m[39m[90m 265 |[39m       [33m.[39meq([32m'content_id'[39m[33m,[39m contentId)
     [90m     |[39m        [31m[1m^[22m[39m
     [90m 266 |[39m       [33m.[39meq([32m'content_type'[39m[33m,[39m contentType)[33m;[39m
     [90m 267 |[39m
     [90m 268 |[39m     [36mif[39m (error) {[0m

      at ContentAgeGatingEngine.eq (src/lib/moderation/content-age-gating.ts:265:8)
      at asyncGeneratorStep (node_modules/@babel/runtime/helpers/asyncToGenerator.js:3:17)
      at _next (node_modules/@babel/runtime/helpers/asyncToGenerator.js:17:9)
      at node_modules/@babel/runtime/helpers/asyncToGenerator.js:22:7
      at ContentAgeGatingEngine.<anonymous> (node_modules/@babel/runtime/helpers/asyncToGenerator.js:14:12)
      at ContentAgeGatingEngine.apply [as removeAgeRestriction] (src/lib/moderation/content-age-gating.ts:256:29)
      at Object.removeAgeRestriction (src/lib/moderation/content-age-gating.test.ts:409:20)
      at asyncGeneratorStep (node_modules/@babel/runtime/helpers/asyncToGenerator.js:3:17)
      at _next (node_modules/@babel/runtime/helpers/asyncToGenerator.js:17:9)
      at node_modules/@babel/runtime/helpers/asyncToGenerator.js:22:7
      at Object.<anonymous> (node_modules/@babel/runtime/helpers/asyncToGenerator.js:14:12)

  ÔùÅ ContentAgeGatingEngine ÔÇ║ getAgeRestrictionStats ÔÇ║ should return statistics for age-restricted content

    TypeError: this.supabase.from(...).select(...).eq is not a function

    [0m [90m 339 |[39m       [33m.[39m[36mfrom[39m([32m'content_age_restrictions'[39m)
     [90m 340 |[39m       [33m.[39mselect([32m'flagged_by_system, flagged_by_author, flagged_by_moderator'[39m)
    [31m[1m>[22m[39m[90m 341 |[39m       [33m.[39meq([32m'is_age_restricted'[39m[33m,[39m 
[36mtrue[39m)[33m;[39m
     [90m     |[39m        [31m[1m^[22m[39m
     [90m 342 |[39m
     [90m 343 |[39m     [36mconst[39m statsList [33m=[39m (stats [33m||[39m []) [36mas[39m 
[33mPick[39m[33m<[39m
     [90m 344 |[39m       [33mDbContentRestriction[39m[33m,[39m[0m

      at ContentAgeGatingEngine.eq (src/lib/moderation/content-age-gating.ts:341:8)
      at asyncGeneratorStep (node_modules/@babel/runtime/helpers/asyncToGenerator.js:3:17)
      at _next (node_modules/@babel/runtime/helpers/asyncToGenerator.js:17:9)
      at node_modules/@babel/runtime/helpers/asyncToGenerator.js:22:7
      at ContentAgeGatingEngine.<anonymous> (node_modules/@babel/runtime/helpers/asyncToGenerator.js:14:12)
      at ContentAgeGatingEngine.apply [as getAgeRestrictionStats] (src/lib/moderation/content-age-gating.ts:332:31)
      at Object.getAgeRestrictionStats (src/lib/moderation/content-age-gating.test.ts:445:34)
      at asyncGeneratorStep (node_modules/@babel/runtime/helpers/asyncToGenerator.js:3:17)
      at _next (node_modules/@babel/runtime/helpers/asyncToGenerator.js:17:9)
      at node_modules/@babel/runtime/helpers/asyncToGenerator.js:22:7
      at Object.<anonymous> (node_modules/@babel/runtime/helpers/asyncToGenerator.js:14:12)

Test Suites: 1 failed, 1 total
Tests:       9 failed, 9 passed, 18 total
Snapshots:   0 total
Time:        2.116 s, estimated 5 s
Ran all test suites matching /src\\lib\\moderation\\content-age-gating.test.ts/i.
Force exiting Jest: Have you considered using `--detectOpenHandles` to detect async operations that kept running after 
all tests finished?
